// Jest Snapshot v1, https://goo.gl/fbAQLP

exports[`UserProfile should render correctly 1`] = `
<DocumentFragment>
  <div>
    <h1>
      loki
    </h1>
    <p>
      loki@test.com
    </p>
  </div>
</DocumentFragment>
`;
